PassengerId,Survived,Pclass,Name,Sex,Age,SibSp,Parch,Ticket,Fare,Cabin,Embarked
5,0,2,"Allen, Mr. William Henry",male,35,0,0,373450,8.05,,S
6,0,2,"Moran, Mr. James",male,20,0,0,330877,8.4583,,Q
